---
source: tests/files.rs
expression: visualization.result
---
@main(v0: int) {
.v1_:
  v2_: bool = lt v0 v0;
  br v2_ .v3_ .v4_;
.v4_:
  v5_: int = const 2;
  print v5_;
  ret;
.v3_:
  v6_: int = const 1;
  print v6_;
.v7_:
}
