---
source: tests/files.rs
expression: visualization.result
---
# ARGS: 1
@main(v0: int) {
  c1_: int = const 0;
  v2_: bool = lt v0 c1_;
  v3_: bool = lt c1_ v0;
  c4_: int = const 3;
  v5_: int = id c4_;
  br v2_ .b6_ .b7_;
.b6_:
  c8_: int = const 1;
  c9_: int = const 3;
  v10_: int = id c9_;
  br v3_ .b11_ .b12_;
.b11_:
  v10_: int = id c8_;
  v5_: int = id v10_;
  print v5_;
  ret;
  jmp .b13_;
.b12_:
  v5_: int = id v10_;
  print v5_;
  ret;
  jmp .b13_;
.b7_:
  print v5_;
  ret;
.b13_:
}
