---
source: tests/files.rs
expression: visualization.result
---
# ARGS: 
@main {
.b0_:
  c1_: int = const 0;
  c2_: int = const 1;
  c3_: int = const 5;
  c4_: int = const 300;
  v5_: int = id c1_;
  v6_: int = id c2_;
  v7_: int = id c1_;
  v8_: int = id c3_;
<<<<<<< HEAD
  v9_: int = id c4_;
.b10_:
<<<<<<< HEAD
  v11_: int = mul v7_ v8_;
  print v11_;
  v12_: int = add v5_ v6_;
  v13_: int = add v6_ v7_;
  v14_: bool = lt v12_ v9_;
  v5_: int = id v12_;
  v6_: int = id v6_;
  v7_: int = id v13_;
  v8_: int = id v8_;
  v9_: int = id v9_;
  br v14_ .b10_ .b15_;
.b15_:
=======
  v11_: bool = lt v5_ v9_;
  v12_: int = id v5_;
  v13_: int = id v6_;
  v14_: int = id v7_;
  v15_: int = id v8_;
  br v11_ .b16_ .b17_;
.b16_:
  v18_: int = mul v7_ v8_;
  print v18_;
  v19_: int = add v5_ v6_;
  v20_: int = add v6_ v7_;
  v12_: int = id v19_;
  v13_: int = id v6_;
  v14_: int = id v20_;
  v15_: int = id v8_;
  v5_: int = id v12_;
  v6_: int = id v6_;
  v7_: int = id v14_;
  v8_: int = id v8_;
=======
  v9_: int = id c2_;
  v10_: int = id c3_;
  v11_: int = id c4_;
.b12_:
  v13_: int = mul v7_ v8_;
  print v13_;
  v14_: int = add v5_ v6_;
  v15_: int = add v6_ v7_;
  v16_: bool = lt v14_ v11_;
  v5_: int = id v14_;
  v6_: int = id v9_;
  v7_: int = id v15_;
  v8_: int = id v10_;
>>>>>>> cdb622b7 (snapshots)
  v9_: int = id v9_;
  v10_: int = id v10_;
  v11_: int = id v11_;
  br v16_ .b12_ .b17_;
.b17_:
<<<<<<< HEAD
  v5_: int = id v12_;
  v6_: int = id v6_;
  v7_: int = id v14_;
  v8_: int = id v8_;
  v9_: int = id v9_;
>>>>>>> bd5b3865 (snapshots)
=======
>>>>>>> cdb622b7 (snapshots)
  ret;
}
