---
source: tests/files.rs
expression: visualization.result
---
@main {
.v0_:
  v1_: int = const 0;
  v2_: int = id v1_;
  v3_: int = id v1_;
.v4_:
  v5_: bool = eq v2_ v3_;
  v6_: int = id v2_;
  v7_: bool = id v5_;
  v8_: int = id v3_;
  br v5_ .v9_ .v10_;
.v10_:
  v11_: int = const 1;
  v12_: int = add v11_ v2_;
  v13_: int = add v11_ v3_;
  v6_: int = id v12_;
  v7_: bool = id v5_;
  v8_: int = id v13_;
.v9_:
  v14_: bool = const true;
  v15_: int = id v6_;
  v16_: bool = id v14_;
  v17_: int = id v8_;
  br v5_ .v18_ .v19_;
.v18_:
  v20_: bool = const false;
  v15_: int = id v6_;
  v16_: bool = id v20_;
  v17_: int = id v8_;
.v19_:
  v21_: bool = not v5_;
  v2_: int = id v6_;
  v3_: int = id v8_;
  br v21_ .v4_ .v22_;
.v22_:
  print v2_;
}
