---
source: tests/files.rs
expression: visualization.result
---
@main(v0: int) {
.v1_:
  v2_: int = const 0;
  v3_: int = const 1;
  v4_: int = id v2_;
  v5_: int = id v3_;
  v6_: int = id v0;
.v7_:
  v8_: bool = lt v4_ v6_;
  v9_: int = id v4_;
  v10_: int = id v5_;
  v11_: int = id v6_;
  br v8_ .v12_ .v13_;
.v12_:
  v14_: int = add v4_ v5_;
  v9_: int = id v14_;
  v10_: int = id v5_;
  v11_: int = id v6_;
.v13_:
  v4_: int = id v9_;
  v5_: int = id v10_;
  v6_: int = id v11_;
  br v8_ .v7_ .v15_;
.v15_:
  print v4_;
}
