---
source: tests/files.rs
expression: visualization.result
---
# ARGS: 
@main {
.b0_:
  c1_: int = const 0;
  c2_: int = const 1;
  c3_: int = const 5;
  c4_: int = const 300;
  v5_: int = id c1_;
  v6_: int = id c2_;
  v7_: int = id c1_;
  v8_: int = id c3_;
  v9_: int = id c4_;
.b10_:
  v11_: bool = lt v5_ v9_;
  v12_: int = id v5_;
  v13_: int = id v6_;
  v14_: int = id v7_;
  v15_: int = id v8_;
  br v11_ .b16_ .b17_;
.b16_:
  v18_: int = mul v7_ v8_;
  print v18_;
  v19_: int = add v5_ v6_;
  v20_: int = add v6_ v7_;
  v12_: int = id v19_;
  v13_: int = id v6_;
  v14_: int = id v20_;
  v15_: int = id v8_;
.b17_:
  v21_: int = add v5_ v6_;
  v22_: int = select v11_ v21_ v5_;
  v23_: int = add v6_ v7_;
  v24_: int = select v11_ v23_ v7_;
  v5_: int = id v22_;
  v6_: int = id v6_;
  v7_: int = id v24_;
  v8_: int = id v8_;
  v9_: int = id v9_;
  br v11_ .b10_ .b25_;
.b25_:
  ret;
}
